2015-09-30T20:46:04.421 [GlobalLogger - ] Logging proxy successfully created !
2015-09-30T20:46:04.421 Local file logger: Cache saved to '/home/almamgr/alma-src/2014-04-B/CONTROL/Device/HardwareDevice/MOUNT/MountVertexLLama/test/tmp/log_cache.dat__22251'.
2015-09-30T20:46:04.422 [GlobalLogger - ] New command line is: -silent -ORBEndpoint iiop://127.0.0.1:3011 -ORBInitRef NameService=corbaloc::127.0.0.1:3001/NameService -ORBDottedDecimalAddresses 1 
Initialising ORB ... 
ORB initialsed !
2015-09-30T20:46:04.425 [GlobalLogger - ] Trying to connect to the Naming Service ....
2015-09-30T20:46:04.427 [GlobalLogger - ] Connected to the Name Service
Resolving Logging Service from Naming service ...
Logging Service resolved !
Creating POA ... 
policies are created !
POA created !
Policies are destroyed !
2015-09-30T20:46:04.430 [GlobalLogger - ] ACSLogSvc service registered with Naming Services
2015-09-30T20:46:04.430 [GlobalLogger - ] ACSLogSvc is waiting for incoming log messages ...
