1 - /alma/ACS-2014.4/ACSSW/bin/acsutilTATTestRunner: line 19: MountTATEnduranceCONTROLLifeCycle: command not found
